[    2597ms] [LOG] Environment extended with app config @ http://localhost:4000/main.233af69b9778421a.js:0
[    2679ms] [INFO]  @ http://localhost:4000/main.233af69b9778421a.js:0
[    2679ms] [INFO] %cdspace-angular font-weight: bold; @ http://localhost:4000/main.233af69b9778421a.js:0
[    2679ms] [INFO] Version: %c9.4.0-next font-weight: bold; @ http://localhost:4000/main.233af69b9778421a.js:0
[    2680ms] [INFO] Environment: %cProduction color: red; font-weight: bold; @ http://localhost:4000/main.233af69b9778421a.js:0
[    2680ms] [INFO]  @ http://localhost:4000/main.233af69b9778421a.js:0
[    2942ms] [ERROR] Failed to load resource: the server responded with a status of 404 () @ http://localhost:8501/server/api/config/properties/google.analytics.key:0
[    8161ms] [WARNING] The resource http://localhost:4000/assets/config.3153a190e02ef2b699516ae6e6c25b42.json was preloaded using link preload but not used within a few seconds from the window's load event. Please make sure it has an appropriate `as` value and it is preloaded intentionally. @ http://localhost:4000/login:0
[   68574ms] [LOG] Environment extended with app config @ http://localhost:4000/main.233af69b9778421a.js:0
[   68604ms] [INFO]  @ http://localhost:4000/main.233af69b9778421a.js:0
[   68604ms] [INFO] %cdspace-angular font-weight: bold; @ http://localhost:4000/main.233af69b9778421a.js:0
[   68605ms] [INFO] Version: %c9.4.0-next font-weight: bold; @ http://localhost:4000/main.233af69b9778421a.js:0
[   68605ms] [INFO] Environment: %cProduction color: red; font-weight: bold; @ http://localhost:4000/main.233af69b9778421a.js:0
[   68605ms] [INFO]  @ http://localhost:4000/main.233af69b9778421a.js:0
[   69044ms] [ERROR] Failed to load resource: the server responded with a status of 404 () @ http://localhost:8501/server/api/config/properties/google.analytics.key:0
[   69634ms] [ERROR] Failed to load resource: the server responded with a status of 404 () @ http://localhost:8501/server/api/config/properties/researcher-profile.entity-type:0
[   72823ms] [WARNING] The resource http://localhost:4000/assets/config.3153a190e02ef2b699516ae6e6c25b42.json was preloaded using link preload but not used within a few seconds from the window's load event. Please make sure it has an appropriate `as` value and it is preloaded intentionally. @ http://localhost:4000/info/end-user-agreement?redirect=%252Fhome:0
[   83749ms] [WARNING] The resource http://localhost:4000/assets/config.3153a190e02ef2b699516ae6e6c25b42.json was preloaded using link preload but not used within a few seconds from the window's load event. Please make sure it has an appropriate `as` value and it is preloaded intentionally. @ http://localhost:4000/home:0
[  143558ms] [ERROR] Failed to load resource: the server responded with a status of 404 (Not found) @ http://localhost:4000/submission/new?collection=:0
[  143679ms] [LOG] Environment extended with app config @ http://localhost:4000/main.233af69b9778421a.js:0
[  143709ms] [INFO]  @ http://localhost:4000/main.233af69b9778421a.js:0
[  143710ms] [INFO] %cdspace-angular font-weight: bold; @ http://localhost:4000/main.233af69b9778421a.js:0
[  143710ms] [INFO] Version: %c9.4.0-next font-weight: bold; @ http://localhost:4000/main.233af69b9778421a.js:0
[  143710ms] [INFO] Environment: %cProduction color: red; font-weight: bold; @ http://localhost:4000/main.233af69b9778421a.js:0
[  143710ms] [INFO]  @ http://localhost:4000/main.233af69b9778421a.js:0
[  144248ms] [ERROR] Failed to load resource: the server responded with a status of 404 () @ http://localhost:8501/server/api/config/properties/google.analytics.key:0
[  145205ms] [LOG] Environment extended with app config @ http://localhost:4000/main.233af69b9778421a.js:0
[  145229ms] [INFO]  @ http://localhost:4000/main.233af69b9778421a.js:0
[  145230ms] [INFO] %cdspace-angular font-weight: bold; @ http://localhost:4000/main.233af69b9778421a.js:0
[  145230ms] [INFO] Version: %c9.4.0-next font-weight: bold; @ http://localhost:4000/main.233af69b9778421a.js:0
[  145230ms] [INFO] Environment: %cProduction color: red; font-weight: bold; @ http://localhost:4000/main.233af69b9778421a.js:0
[  145230ms] [INFO]  @ http://localhost:4000/main.233af69b9778421a.js:0
[  145309ms] [ERROR] Failed to load resource: the server responded with a status of 404 () @ http://localhost:8501/server/api/config/properties/google.analytics.key:0
[  145912ms] [ERROR] Failed to load resource: the server responded with a status of 404 () @ http://localhost:8501/server/api/config/properties/contentreport.enable:0
[  146303ms] [ERROR] Failed to load resource: the server responded with a status of 404 (Not found) @ http://localhost:4000/favicon.ico:0
